npm error code ERESOLVE
npm error ERESOLVE could not resolve
npm error
npm error While resolving: lucide-react@0.377.0
npm error Found: react@19.0.0
npm error node_modules/react
npm error   peer react@">=16.8.0" from @floating-ui/react-dom@2.1.9
npm error   node_modules/@floating-ui/react-dom
npm error     @floating-ui/react-dom@"^2.0.0" from @radix-ui/react-popper@1.3.3
npm error     node_modules/@radix-ui/react-popper
npm error       @radix-ui/react-popper@"1.3.3" from @radix-ui/react-menu@2.1.20
npm error       node_modules/@radix-ui/react-menu
npm error         @radix-ui/react-menu@"2.1.20" from @radix-ui/react-dropdown-menu@2.1.20
npm error         node_modules/@radix-ui/react-dropdown-menu
npm error   peer react@"^18 || ^19" from @number-flow/react@0.6.0
npm error   node_modules/@number-flow/react
npm error     @number-flow/react@"^0.6.0" from the root project
npm error   36 more (@radix-ui/react-arrow, @radix-ui/react-collection, ...)
npm error
npm error Could not resolve dependency:
npm error peer react@"^16.5.1 || ^17.0.0 || ^18.0.0" from lucide-react@0.377.0
npm error node_modules/lucide-react
npm error   lucide-react@"^0.377.0" from the root project
npm error
npm error Conflicting peer dependency: react@18.3.1
npm error node_modules/react
npm error   peer react@"^16.5.1 || ^17.0.0 || ^18.0.0" from lucide-react@0.377.0
npm error   node_modules/lucide-react
npm error     lucide-react@"^0.377.0" from the root project
npm error
npm error Fix the upstream dependency conflict, or retry
npm error this command with --force or --legacy-peer-deps
npm error to accept an incorrect (and potentially broken) dependency resolution.
npm error
npm error
npm error For a full report see:
npm error C:\Users\User\AppData\Local\npm-cache\_logs\2026-07-17T14_01_30_237Z-eresolve-report.txt
npm error A complete log of this run can be found in: C:\Users\User\AppData\Local\npm-cache\_logs\2026-07-17T14_01_30_237Z-debug-0.log
